// Jest Snapshot v1, https://goo.gl/fbAQLP

exports[`Component/Button should match snapshot 1`] = `
<div>
  <button>
    test
  </button>
</div>
`;
