// Jest Snapshot v1, https://goo.gl/fbAQLP

exports[`Component/Typo should match snapshot 1`] = `
<div>
  <p>
    test
  </p>
</div>
`;
