// Jest Snapshot v1, https://goo.gl/fbAQLP

exports[`Component/TodoItem should match snapshot 1`] = `
<div>
  <li
    class="flex-row-center gap-sm"
  >
    <span>
      done
    </span>
    <h2>
      test
    </h2>
    <button
      aria-label="삭제"
    >
      X
    </button>
  </li>
</div>
`;
